No files changed, compilation skipped

Ran 14 tests for test/HealthRecordAccessControl.t.sol:HealthRecordAccessControlTest
[PASS] test_AssertAccess_IsValidAtExactExpiry() (gas: 113847)
[PASS] test_AssertAccess_ReturnsStorageRefWithinGrantWindow() (gas: 112356)
[PASS] test_AssertAccess_RevertsAfterExpiry() (gas: 114849)
[PASS] test_AssertAccess_RevertsWithoutActiveGrant() (gas: 65549)
[PASS] test_GrantAccess_RevertsForUncredentialedProvider() (gas: 63691)
[PASS] test_GrantAccess_RevertsWhenCallerIsNotPatient() (gas: 63835)
[PASS] test_GrantAccess_StoresGrantAndEmitsEvent() (gas: 115193)
[PASS] test_LogEmergencyAccess_AdminComplianceRoleSucceedsAndEmitsEvent() (gas: 92858)
[PASS] test_LogEmergencyAccess_RevertsWithoutComplianceRole() (gas: 16806)
[PASS] test_NoPHIStoredOnlySyntheticHashesAndCodes() (gas: 113126)
[PASS] test_RegisterRecord_RevertsOnDuplicate() (gas: 59363)
[PASS] test_RegisterRecord_StoresSyntheticPointerAndEmitsEvent() (gas: 60990)
[PASS] test_RevokeAccess_ImmediatelyBlocksAccessAndEmitsEvent() (gas: 119178)
[PASS] test_RevokeAccess_RevertsWhenCallerIsNotPatient() (gas: 114857)
Suite result: ok. 14 passed; 0 failed; 0 skipped; finished in 1.98ms (4.00ms CPU time)

Ran 14 tests for test/SupplyChainProvenance.t.sol:SupplyChainProvenanceTest
[PASS] test_GetHistory_ReturnsCheckpointsInOrder() (gas: 394464)
[PASS] test_InTransitCanTransitionDirectlyToReceived() (gas: 304549)
[PASS] test_RecallAsset_OnlyAuditorCanRecall() (gas: 136587)
[PASS] test_RecallAsset_RevertsForUnregisteredAsset() (gas: 15873)
[PASS] test_RecallAsset_SetsStageAndEmitsEvent() (gas: 208311)
[PASS] test_RecordCheckpoint_EmitsEventAndAdvancesStage() (gas: 230071)
[PASS] test_RecordCheckpoint_RequiresLogisticsRoleForInTransit() (gas: 137328)
[PASS] test_RecordCheckpoint_RequiresRetailerRoleForReceived() (gas: 234302)
[PASS] test_RecordCheckpoint_RevertsForUnregisteredAsset() (gas: 13963)
[PASS] test_RecordCheckpoint_RevertsForUnsupportedTargetStage() (gas: 134707)
[PASS] test_RecordCheckpoint_RevertsOnIllegalJump() (gas: 137382)
[PASS] test_RegisterAsset_RevertsForUnauthorizedCaller() (gas: 14883)
[PASS] test_RegisterAsset_RevertsOnDuplicate() (gas: 132080)
[PASS] test_RegisterAsset_SucceedsForManufacturerAndEmitsEvent() (gas: 133776)
Suite result: ok. 14 passed; 0 failed; 0 skipped; finished in 2.09ms (3.65ms CPU time)

Ran 2 test suites in 312.35ms (4.08ms CPU time): 28 tests passed, 0 failed, 0 skipped (28 total tests)
